Change Component Designator: Old Designator=But? New Designator=But1
Change Component Designator: Old Designator=C? New Designator=C1
Change Component Designator: Old Designator=C? New Designator=C2
Change Component Designator: Old Designator=C? New Designator=C3
Change Component Designator: Old Designator=R? New Designator=R1
Change Component Designator: Old Designator=R? New Designator=R2
Change Component Designator: Old Designator=R? New Designator=R3
Change Component Designator: Old Designator=R? New Designator=R4
Change Component Designator: Old Designator=R? New Designator=R5
Change Component Designator: Old Designator=R? New Designator=R6
Change Component Designator: Old Designator=SW? New Designator=SW1
Change Component Designator: Old Designator=SW? New Designator=SW2
Change Component Designator: Old Designator=VD? New Designator=VD1
Change Component Designator: Old Designator=VD? New Designator=VD2
Change Component Designator: Old Designator=X? New Designator=X1
Change Component Designator: Old Designator=X? New Designator=X2
Change Component Designator: Old Designator=X? New Designator=X3
Change Component Designator: Old Designator=X? New Designator=X4
Change Component Designator: Old Designator=X? New Designator=X5
Change Component Designator: Old Designator=X? New Designator=X6
Change Component Designator: Old Designator=X? New Designator=X7
Change Component Designator: Old Designator=X? New Designator=X13
Change Component Designator: Old Designator=X? New Designator=X14
Change Component Designator: Old Designator=X? New Designator=X15
Change Component Designator: Old Designator=X? New Designator=X16
Change Component Designator: Old Designator=X? New Designator=X17
Change Component Designator: Old Designator=X? New Designator=X18
Change Component Designator: Old Designator=X? New Designator=X19
Change Component Designator: Old Designator=X? New Designator=X8
Change Component Designator: Old Designator=X? New Designator=X9
Change Component Designator: Old Designator=X? New Designator=X10
Change Component Designator: Old Designator=X? New Designator=X12
Change Component Designator: Old Designator=X? New Designator=X8
Change Component Designator: Old Designator=X? New Designator=X9
Change Component Designator: Old Designator=X? New Designator=X10
Change Component Designator: Old Designator=X? New Designator=X11
Change Component Designator: Old Designator=X? New Designator=X12
Change Component Designator: Old Designator=X? New Designator=X11
Change Component Designator: Old Designator=X? New Designator=X12
Change Component Designator: Old Designator=X? New Designator=X11
Change Component Designator: Old Designator=X? New Designator=X11
